ds4: Linux cuda backend set oom_score_adj=1000
ds4: tensor family token_embd.weight (bf16, 1 tensor) dialect compat: dequantized to f16 at load
ds4: tensor family blk.N.ffn_gate_inp.weight (bf16, 43 tensors) dialect compat: dequantized to f16 at load
ds4: tensor family blk.N.hc_attn_fn.weight (f32, 43 tensors) dialect compat: dequantized to f16 at load
ds4: tensor family blk.N.hc_ffn_fn.weight (f32, 43 tensors) dialect compat: dequantized to f16 at load
ds4: tensor family blk.N.attn_compressor_ape.weight (f32, 41 tensors) dialect compat: dequantized to f16 at load
ds4: tensor family blk.N.attn_compressor_gate.weight (bf16, 41 tensors) dialect compat: dequantized to f16 at load
ds4: tensor family blk.N.attn_compressor_kv.weight (bf16, 41 tensors) dialect compat: dequantized to f16 at load
ds4: tensor family blk.N.indexer_compressor_ape.weight (f32, 21 tensors) dialect compat: dequantized to f16 at load
ds4: tensor family blk.N.indexer_compressor_gate.weight (bf16, 21 tensors) dialect compat: dequantized to f16 at load
ds4: tensor family blk.N.indexer_compressor_kv.weight (bf16, 21 tensors) dialect compat: dequantized to f16 at load
ds4: tensor family blk.N.indexer.proj.weight (bf16, 21 tensors) dialect compat: dequantized to f16 at load
ds4: tensor family output_hc_fn.weight (f32, 1 tensor) dialect compat: dequantized to f16 at load
ds4: tensor family output.weight (bf16, 1 tensor) dialect compat: dequantized to f16 at load
ds4: metadata key deepseek4.vocab_size missing -- dialect compat, using tokenizer.ggml.tokens array length (cross-checked against token_embd.weight/output.weight's vocab dimension) = 129280
ds4: CUDA backend initialized on NVIDIA GB10 (sm_121) dev=0
ds4: cuda SSD streaming total expert budget 65.00 GiB = 6.38 GiB prefill headroom + 58.62 GiB dynamic cache (4708 experts, 12.75 MiB each)
ds4: SSD streaming initial cuda model map restricted to token embedding (1 spans, 0.99 GiB tensor span)
ds4: CUDA host registration skipped: operation not supported
ds4: CUDA preparing model tensor mappings
ds4: CUDA startup model preparation covered 0.99 GiB of tensor spans in 0.000s
ds4: cuda backend initialized for graph diagnostics
ds4: memory: KV 0.39 GiB (raw 0.34 + compressed 0.05) + buffers 0.03 GiB + resident model 0.99 GiB + expert cache 58.62 GiB + prefill expert reserve 6.38 GiB = 66.40 GiB planned
ds4: memory detail: ctx=4096 prefill_cap=4096 raw_kv_rows=4096 compressed_kv_rows=1026 backend=cuda
ds4: memory: KV 0.39 GiB (raw 0.34 + compressed 0.05) + buffers 0.03 GiB = 0.42 GiB context
ds4: memory detail: ctx=4096 prefill_cap=4096 raw_kv_rows=4096 compressed_kv_rows=1026 backend=cuda
ds4: using GPU graph generation with graph prefill
ds4: CUDA loading model tensors into device cache
ds4: gpu streaming prefill token 1/17ds4: gpu streaming prefill token 2/17ds4: gpu streaming prefill token 3/17ds4: gpu streaming prefill token 4/17ds4: gpu streaming prefill token 5/17ds4: gpu streaming prefill token 6/17ds4: gpu streaming prefill token 7/17ds4: gpu streaming prefill token 8/17ds4: gpu streaming prefill token 9/17ds4: gpu streaming prefill token 10/17ds4: gpu streaming prefill token 11/17ds4: gpu streaming prefill token 12/17ds4: gpu streaming prefill token 13/17ds4: gpu streaming prefill token 14/17ds4: gpu streaming prefill token 15/17ds4: gpu streaming prefill token 16/17ds4: CUDA loading model tensors 5.63 GiB cached
ds4: gpu streaming prefill token 17/17
ds4: CUDA loading model tensors 5.63 GiB cached
ds4: prefill: 1.16 t/s, generation: 4.58 t/s
