1.  **Deconstruct the User's Request**:
    *   Topic: TCP three-way handshake.
    *   Specific points to cover:
        *   Detailed explanation of SYN, SYN-ACK, ACK segments.
        *   Sequence number synchronization.
        *   What happens if a segment is lost (during handshake).
        *   How this relates to TCP's reliability guarantees.
        *   Brief contrast with connection teardown (four-way handshake/FIN).
    *   Tone: Detailed, explanatory, technical but accessible.

2.  **Initial Brainstorming & Structuring**:
    *   *Introduction*: Define TCP, connection-oriented, and the purpose of the handshake (synchronization, resource allocation).
    *   *Step 1: SYN*: Client sends SYN, initial sequence number (ISN), no payload, sets SYN flag.
    *   *Step 2: SYN-ACK*: Server receives, allocates resources, sends back its own SYN (with its ISN) and ACK (acknowledging client's ISN + 1).
    *   *Step 3: ACK*: Client sends ACK (acknowledging server's ISN + 1). Connection established.
    *   *Sequence Number Synchronization*: Explain ISN, why it's random (security, avoiding stale segments), and the +1 rule (consuming the SYN flag as a sequence number).
    *   *Lost Segment Handling*: What if SYN lost? (Timeout, retransmission). What if SYN-ACK lost? (Client retransmits SYN). What if final ACK lost? (Server retransmits SYN-ACK, client responds with ACK). Mention exponential backoff.
    *   *Reliability Guarantees*: Connection setup ensures both sides are ready, sequence numbers are aligned for future data ordering, and the handshake itself is a reliability mechanism (ensuring bidirectional communication).
    *   *Teardown (Contrast)*: Four-way handshake (FIN, ACK, FIN, ACK). Half-close concept. Contrast: Setup is 3 steps, teardown is 4 (or 3 if piggybacked), setup is mandatory, teardown can be abrupt (RST).

3.  **Drafting the Content - Section by Section**:

    *   *Introduction*: TCP is connection-oriented. The handshake establishes a logical connection, synchronizes sequence numbers, and exchanges initial parameters (like window size, MSS) before data flows.

    *   *Step 1: SYN (Synchronize)*:
        *   Client -> Server.
        *   Flag: SYN=1.
        *   Payload: None (usually).
        *   Sequence Number: Client picks an Initial Sequence Number (ISN), let's call it `x`.
        *   Purpose: "I want to start a connection. My starting sequence number is x."

    *   *Step 2: SYN-ACK (Synchronize-Acknowledge)*:
        *   Server -> Client.
        *   Flags: SYN=1, ACK=1.
        *   Sequence Number: Server picks its own ISN, let's call it `y`.
        *   Acknowledgment Number: `x + 1`. Why +1? Because the SYN flag consumes one sequence number. The server is acknowledging receipt of the client's SYN.
        *   Purpose: "I received your SYN. I agree. My starting sequence number is y. I acknowledge your x."

    *   *Step 3: ACK (Acknowledge)*:
        *   Client -> Server.
        *   Flags: ACK=1.
        *   Sequence Number: `x + 1` (the next byte the client will send).
        *  
