ds4: Linux cuda backend set oom_score_adj=1000
ds4: CUDA backend initialized on NVIDIA GB10 (sm_121) dev=0
ds4: CUDA (no-copy) host registration skipped: operation not supported
ds4: CUDA preparing model tensor mappings
ds4: CUDA loading model tensors into device cache
ds4: CUDA loading model tensors 16.02 GiB cached
ds4: CUDA prepared model tensor mappings 16.37 GiB
ds4: CUDA loading model tensors 32.06 GiB cached
ds4: CUDA prepared model tensor mappings 32.07 GiB
ds4: CUDA loading model tensors 48.02 GiB cached
ds4: CUDA prepared model tensor mappings 48.43 GiB
ds4: CUDA loading model tensors 64.06 GiB cached
ds4: CUDA prepared model tensor mappings 64.13 GiB
ds4: CUDA loading model tensors 80.04 GiB cached
ds4: CUDA prepared model tensor mappings 80.24 GiB
ds4: CUDA startup model preparation covered 80.76 GiB of tensor spans in 19.581s
ds4: cuda backend initialized for graph diagnostics
ds4: memory: KV 0.78 GiB (raw 0.36 + compressed 0.42) + buffers 0.25 GiB + resident model 80.76 GiB = 81.79 GiB planned
ds4: memory detail: ctx=32768 prefill_cap=4096 raw_kv_rows=4352 compressed_kv_rows=8194 backend=cuda
ds4: memory: KV 0.78 GiB (raw 0.36 + compressed 0.42) + buffers 0.25 GiB = 1.03 GiB context
ds4: memory detail: ctx=32768 prefill_cap=4096 raw_kv_rows=4352 compressed_kv_rows=8194 backend=cuda
Commands:
  /help          Show this help.
  /think         Use normal thinking mode.
  /think-max     Use Think Max only when context is at least 393216 tokens.
  /nothink       Disable thinking mode.
  /ctx N         Set context size for following prompts.
  /power N       Set GPU duty cycle percentage, 1..100.
  /read FILE     Read a prompt from FILE and run it.
  /quit, /exit   Leave the prompt.
  Ctrl+C         Stop generation and return to the prompt.
Photosynthesis is the process plants use to convert sunlight into energy. Inside plant cells, chlorophyll in chloroplasts absorbs sunlight and uses that energy to split water molecules into oxygen and hydrogen. The oxygen is released into the air, while the hydrogen combines with carbon dioxide from the atmosphere to form glucose, which the plant stores as energy. In simple terms, sunlight, water, and carbon dioxide are turned into food and oxygen.
ds4: prefill: 25.03 t/s, generation: 16.71 t/s
processing 18 input tokens: 0/18 (0.0%)
processing 18 input tokens: 18/18 (100.0%)
The C3 pathway is the most common and ancient form, where carbon dioxide is fixed directly into a 3-carbon compound; it is efficient in cool, wet climates but suffers from wasteful photorespiration in hot, dry conditions. C4 plants evolved a two-step system that first captures CO₂ into a 4-carbon molecule in mesophyll cells, then shuttles it to bundle sheath cells for the Calvin cycle—this concentrates CO₂ and minimizes photorespiration, making C4 ideal for hot, sunny environments. CAM plants, typical of succulents like cacti, open their stomata at night to take in CO₂ and store it as a 4-carbon acid, then release it during the day for photosynthesis, allowing them to conserve water in arid conditions.
ds4: prefill: 59.44 t/s, generation: 16.92 t/s
processing 12 input tokens: 0/12 (0.0%)
processing 12 input tokens: 12/12 (100.0%)
The TCP three-way handshake is the process used to establish a reliable connection between a client and a server before data transmission begins. It works in three steps: first, the client sends a SYN (synchronize) packet to the server to initiate the connection. Second, the server responds with a SYN-ACK (synchronize-acknowledgment) packet, acknowledging the client's request and sending its own synchronization signal. Third, the client replies with an ACK (acknowledgment) packet, confirming the connection is established. After this exchange, both sides know the connection is ready for reliable, two-way data transfer.
ds4: prefill: 53.24 t/s, generation: 16.88 t/s
processing 11 input tokens: 0/11 (0.0%)
processing 11 input tokens: 11/11 (100.0%)
TCP congestion control is a set of algorithms that prevent a sender from overwhelming the network by adjusting the rate of data transmission based on detected congestion. The most common approach, used in TCP Reno, has several phases: it starts with a slow start, doubling the sending rate after each successful acknowledgment until a loss is detected or a threshold is reached; then it enters congestion avoidance, increasing the rate more gradually (typically by one segment per round-trip time). When packet loss occurs (detected via duplicate ACKs or timeouts), the sender interprets this as a signal of congestion and reduces its sending rate significantly—often halving the congestion window in TCP Reno—before beginning to increase again. Newer variants like TCP Cubic or BBR use different mathematical models to improve performance over high-bandwidth, long-distance links.
ds4: prefill: 50.13 t/s, generation: 16.86 t/s
