ds4: Linux cuda backend set oom_score_adj=1000
ds4: tensor family output_hc_fn.weight (f32, 1 tensor) dialect compat: dequantized to f16 at load
ds4: tensor family output.weight (bf16, 1 tensor) dialect compat: dequantized to f16 at load
ds4: tensor family token_embd.weight (bf16, 1 tensor) dialect compat: dequantized to f16 at load
ds4: tensor family blk.N.attn_kv.weight (bf16, 43 tensors) dialect compat: dequantized to f16 at load
ds4: tensor family blk.N.attn_output_a.weight (q6_k, 43 tensors) dialect compat: dequantized to f16 at load
ds4: tensor family blk.N.attn_output_b.weight (q6_k, 43 tensors) dialect compat: dequantized to f16 at load
ds4: tensor family blk.N.attn_q_a.weight (q6_k, 43 tensors) dialect compat: dequantized to f16 at load
ds4: tensor family blk.N.attn_q_b.weight (q6_k, 43 tensors) dialect compat: dequantized to f16 at load
ds4: tensor family blk.N.ffn_down_shexp.weight (bf16, 43 tensors) dialect compat: dequantized to f16 at load
ds4: tensor family blk.N.ffn_gate_inp.weight (f32, 43 tensors) dialect compat: dequantized to f16 at load
ds4: tensor family blk.N.ffn_gate_shexp.weight (bf16, 43 tensors) dialect compat: dequantized to f16 at load
ds4: tensor family blk.N.ffn_up_shexp.weight (bf16, 43 tensors) dialect compat: dequantized to f16 at load
ds4: tensor family blk.N.hc_attn_fn.weight (f32, 43 tensors) dialect compat: dequantized to f16 at load
ds4: tensor family blk.N.hc_ffn_fn.weight (f32, 43 tensors) dialect compat: dequantized to f16 at load
ds4: tensor family blk.N.attn_compressor_ape.weight (f32, 41 tensors) dialect compat: dequantized to f16 at load
ds4: tensor family blk.N.attn_compressor_gate.weight (bf16, 41 tensors) dialect compat: dequantized to f16 at load
ds4: tensor family blk.N.attn_compressor_kv.weight (bf16, 41 tensors) dialect compat: dequantized to f16 at load
ds4: tensor family blk.N.indexer.attn_q_b.weight (q6_k, 21 tensors) dialect compat: dequantized to f16 at load
ds4: tensor family blk.N.indexer_compressor_ape.weight (f32, 21 tensors) dialect compat: dequantized to f16 at load
ds4: tensor family blk.N.indexer_compressor_gate.weight (bf16, 21 tensors) dialect compat: dequantized to f16 at load
ds4: tensor family blk.N.indexer_compressor_kv.weight (bf16, 21 tensors) dialect compat: dequantized to f16 at load
ds4: tensor family blk.N.indexer.proj.weight (bf16, 21 tensors) dialect compat: dequantized to f16 at load
ds4: CUDA backend initialized on NVIDIA GB10 (sm_121) dev=0
ds4: cuda SSD streaming total expert budget 100.00 GiB = 6.38 GiB prefill headroom + 93.62 GiB dynamic cache (7519 experts, 12.75 MiB each)
ds4: SSD streaming mixed-precision model: 11/43 routed layers off the slab size class will bypass the expert cache and read experts via mapped model views
ds4: SSD streaming initial cuda model map restricted to token embedding (1 spans, 0.99 GiB tensor span)
ds4: CUDA host registration skipped: operation not supported
ds4: CUDA preparing model tensor mappings
ds4: CUDA startup model preparation covered 0.99 GiB of tensor spans in 0.000s
ds4: cuda backend initialized for graph diagnostics
ds4: memory: KV 0.78 GiB (raw 0.36 + compressed 0.42) + buffers 0.25 GiB + resident model 0.99 GiB + expert cache 93.62 GiB + prefill expert reserve 6.38 GiB = 102.01 GiB planned
ds4: memory detail: ctx=32768 prefill_cap=4096 raw_kv_rows=4352 compressed_kv_rows=8194 backend=cuda
ds4: memory: KV 0.78 GiB (raw 0.36 + compressed 0.42) + buffers 0.25 GiB = 1.03 GiB context
ds4: memory detail: ctx=32768 prefill_cap=4096 raw_kv_rows=4352 compressed_kv_rows=8194 backend=cuda
ds4: CUDA loading model tensors into device cache
ds4: CUDA loading model tensors 0.01 GiB cached
ds4: CUDA loading model tensors 0.01 GiB cached
ds4: CUDA loading model tensors 0.01 GiB cached
ds4: CUDA loading model tensors 0.01 GiB cached
Commands:
  /help          Show this help.
  /think         Use normal thinking mode.
  /think-max     Use Think Max only when context is at least 393216 tokens.
  /nothink       Disable thinking mode.
  /ctx N         Set context size for following prompts.
  /power N       Set GPU duty cycle percentage, 1..100.
  /read FILE     Read a prompt from FILE and run it.
  /quit, /exit   Leave the prompt.
  Ctrl+C         Stop generation and return to the prompt.
Here is a detailed explanation of how photosynthesis works, broken down into its two main stages: the light-dependent reactions and the light-independent reactions (the Calvin cycle).

### The Big Picture

Photosynthesis is the process by which plants, algae, and some bacteria convert light energy into chemical energy. The overall chemical equation is:

**6CO₂ + 6H₂O + Light Energy → C₆H₁₂O₆ (Glucose) + 6Ods4: CUDA loading model tensors 0.01 GiB cached
₂**

This equation tells us that carbon dioxide and water, using light energy, are converted into glucose (a sugar for energy and structure) and oxygen (a byproduct).

This process takes place inside specialized organelles called **chloroplasts**, which are found mainly in the leaves of plants. Inside the chloroplasts are disc-shaped structures called **thylakoids**, which are stacked into columns called **grana**. The fluid surrounding the thylakoids is called the **stroma**.

- **Light-Dependent Reactions** occur in the **thylakoid membranes**.
- **Light-Independent Reactions (Calvin Cycle)** occur in the **stroma**.

---

### Stage 1: The Light-Dependent Reactions (The "Photo" Part)

As the name suggests, these reactions **require direct sunlight**. Their goal is to capture light energy and convert it into two temporary energy-carrying molecules: **ATP** (adenosine triphosphate) and **NADPH** (nicotinamide adenine dinucleotide phosphate). A crucial byproduct is **oxygen gas (O₂)**.

The process can be broken down into four key steps:

**1. Absorption of Light by Chlorophyll**
- Pigments, primarily **chlorophyll a** and **chlorophyll
ds4: prefill: 0.67 t/s, generation: 3.37 t/s
processing 33 input tokens: 0/33 (0.0%)
processing 33 input tokens: 33/33 (100.0%)
This is an excellent follow-up question, as it gets to the heart of how evolution adapts fundamental processes to specific environmental challenges. Here is a detailed comparison of C3, C4, and CAM photosynthesis, along with the evolutionary pressures that led to their development.

### The Fundamental Problem: Photorespiration

To understand why C4 and CAM pathways evolved, you first need to understand the inefficiency of the basic C3 pathway in certain conditions.

The first step of the Calvin cycle is performed by an enzyme called **RuBisCO** (Ribulose-1,5-bisphosphate carboxylase/oxygenase). RuBisCO is notoriously "confused." Its primary job is to fix carbon dioxide (CO₂) by attaching it to a 5-carbon sugar (RuBP). This is the **carboxylase** function.

However, when the concentration of O₂ is high relative to CO₂ (which happens on hot, dry days when plants close their stomata to conserve water), RuBisCO acts as an **oxygenase**. It grabs O₂ instead of CO₂. This starts a wasteful process called **photorespiration**.
- **In photorespiration**, the plant uses ATP energy to break down the resulting toxic compound, but it releases previously fixed CO₂ and produces no sugar. It's essentially the reverse of photosynthesis, wasting energy and carbon. This can reduce a plant's productivity by up to 50% in hot, dry conditions.

C4 and CAM plants evolved sophisticated mechanisms to **concentrate CO₂** at the site of RuBisCO, minimizing its oxygenase activity and virtually eliminating photorespiration.

---

### 1. C3 Photosynthesis (The Default Pathway)

ds4: prefill: 0.71 t/s, generation: 4.42 t/s
processing 28 input tokens: 0/28 (0.0%)
processing 28 input tokens: 28/28 (100.0%)
Here is a detailed explanation of the TCP three-way handshake, how it works, and why it is a necessary component of reliable communication.

### What is the TCP Three-Way Handshake?

The TCP (Transmission Control Protocol) three-way handshake is the process used by a client and a server to establish a reliable, connection-oriented session before any data is sent. It is the "Hello" and "Are you ready?" sequence that ensures both sides are willing and able to communicate.

The handshake involves the exchange of three segments (packets) between the two devices, each with specific TCP flags set in the header. The key flags involved are:
- **SYN (Synchronize):** Used to initiate a connection and synchronize sequence numbers.
- **ACK (Acknowledgment):** Used to confirm receipt of a segment.
- **FIN (Finish):** Not used in the handshake, but used later to close the connection.

### Step-by-Step Breakdown of the Three-Way Handshake

Imagine a client (e.g., your web browser) wants to connect to a server (e.g., a website). The process unfolds in three distinct steps:

**Step 1: SYN (Client → Server)**

- The client chooses a random initial sequence number (let's call it `x`).
- The client sends a TCP segment to the server with the **SYN flag set to 1** and the sequence number field set to `x`. This packet says, "Hello, I want to start a connection. My starting sequence number is `x`."

**Step 2: SYN-ACK (Server → Client)**

- The server receives the SYN packet. If it is ready and willing to accept
ds4: prefill: 0.37 t/s, generation: 4.43 t/s
processing 34 input tokens: 0/34 (0.0%)
processing 34 input tokens: 34/34 (100.0%)
This is a perfect follow-up, as congestion control is the other half of TCP's reliability story. While the three-way handshake establishes *connection*, congestion control ensures the connection doesn't collapse the network itself.

### The Core Problem: The Shared, Unreliable Network

Unlike a dedicated phone line, the internet is a shared network. Multiple connections (from you, your neighbor, a server in another country) all compete for bandwidth on the same routers and links. If everyone sends data as fast as they can, routers' buffers fill up, packets are dropped, and the network collapses into a state of "congestion collapse"—very little data gets through.

**TCP congestion control** is the set of algorithms that allow each sender to dynamically find the maximum safe sending rate without overwhelming the network. It's a form of **distributed, cooperative, self-clocking** system.

The fundamental tool is the **congestion window (cwnd)** . This is a number maintained by the sender that limits how many bytes (or packets) can be "in flight" (sent but not yet acknowledged) at any given moment. The sender cannot send more data than the minimum of the congestion window and the receiver's advertised window (flow control).

### How a Typical Algorithm Works (The Reno/NewReno Framework)

Most classic algorithms (like **Reno**) operate in four main phases:

1.  **Slow Start (Exponential Growth):**
    - When a connection begins, or after a timeout, the sender doesn't know the safe rate. It starts very conservatively, usually with a `cwnd` of 1 or 10 segments.
    - For every **ACK** received, `cwnd` increases by 1
ds4: prefill: 0.80 t/s, generation: 4.43 t/s
processing 30 input tokens: 0/30 (0.0%)
processing 30 input tokens: 30/30 (100.0%)
Here is a detailed explanation of red-black trees, their core invariants, and why those invariants guarantee O(log n) worst-case operations.

### What is a Red-Black Tree?

A red-black tree is a type of self-balancing binary search tree (BST). In a standard BST, operations like search, insert, and delete take O(h) time, where `h` is the height of the tree. In the worst case (e.g., inserting sorted data), a BST can degenerate into a linked list, making `h = n` and operations O(n).

A red-black tree prevents this degeneration by enforcing a specific set of rules (invariants) that guarantee the tree remains approximately balanced. Each node in the tree is assigned a color—either **red** or **black**—and these colors are used to enforce the balancing constraints.

### The Five Core Invariants (Rules)

A valid red-black tree must satisfy all of the following five properties:

1.  **Node Color:** Every node is either **red** or **black**.
2.  **Root Property:** The **root** node is always **black**.
3.  **Leaf Property:** Every **leaf** (typically represented as a `NIL` or `NULL` sentinel node) is **black**.
4.  **Red Property (No Red-Red):** If a node is **red**, then **both of its children must be black**. (In other words, no two red nodes can be adjacent in the tree—a red node cannot have a red parent).
5.  **Black-Height Property (Path Rule):** For any given node, every simple path from that node down to any
ds4: prefill: 0.69 t/s, generation: 4.39 t/s
processing 34 input tokens: 0/34 (0.0%)
processing 34 input tokens: 34/34 (100.0%)
Here is a detailed comparison of red-black trees and AVL trees, focusing on their operational costs and when each is the better choice.

### The Core Difference: Strictness of Balance

Both red-black trees and AVL trees are self-balancing binary search trees that guarantee O(log n) worst-case operations. The fundamental difference lies in how strictly they enforce balance.

- **AVL Trees** enforce a very strict balance condition: for every node, the height of its left and right subtrees can differ by at most 1. This is called the **height-balance property**.
- **Red-Black Trees** enforce a looser balance condition (the "no red-red" and "equal black height" rules). This results in a tree that is still balanced, but less rigidly so. The longest root-to-leaf path in a red-black tree is at most **twice** the length of the shortest path.

This difference in strictness leads to a fundamental trade-off: **AVL trees are more balanced, making lookups faster, but red-black trees require fewer rotations during insertions and deletions, making modifications faster.**

---

### Detailed Comparison of Operational Costs

#### 1. Lookup (Search) Speed

**Winner: AVL Tree**

- **Why:** Because an AVL tree is more strictly balanced, it tends to have a shorter and more uniform height than a red-black tree containing the same data. A shorter tree means fewer comparisons are needed on average to find a given key.
- **Quantitatively:** In the worst case, an AVL tree's height is approximately **1.44 * log₂(n)**, while a red-black tree's worst-case height is approximately **2 * log₂(n
ds4: prefill: 0.80 t/s, generation: 4.46 t/s
processing 29 input tokens: 0/29 (0.0%)
processing 29 input tokens: 29/29 (100.0%)
Here is a detailed explanation of the history and design tradeoffs of distributed consensus algorithms, focusing on Paxos and Raft.

### The Core Problem: Distributed Consensus

In a distributed system (a group of computers working together over a network), the fundamental challenge is reaching agreement on a single value or state despite failures. This is the **distributed consensus problem**. For example, a replicated database needs all nodes to agree on which transaction was committed last, even if some nodes crash or messages are lost.

The problem is deceptively hard because of:
- **Asynchronous Networks:** Messages can be delayed, reordered, or lost.
- **Node Failures:** Nodes can crash, restart, or behave arbitrarily (Byzantine faults, though Paxos and Raft assume crash-failures only).
- **No Global Clock:** Nodes cannot rely on synchronized time to order events.

The **FLP Impossibility Result** (Fischer, Lynch, Patterson, 1985) proved that in an asynchronous network, it is impossible to have a deterministic consensus algorithm that is guaranteed to terminate in finite time if even one node can crash. Therefore, all practical consensus algorithms must use **safety** (agreement on a single value) and **liveness** (the system eventually makes progress) as separate concerns, often relying on timeouts or leader election to achieve liveness.

---

### The History: Paxos (The Gold Standard, But Hard to Understand)

**Origins:** Developed by Leslie Lamport in the late 1980s and formally published in 1998 ("The Part-Time Parliament"). Lamport famously framed the algorithm as a fictional ancient Greek parliament on the island of Paxos, which made it initially difficult for the
ds4: prefill: 0.66 t/s, generation: 4.44 t/s
processing 32 input tokens: 0/32 (0.0%)
processing 32 input tokens: 32/32 (100.0%)
Here is a closing summary that draws an extended analogy between load balancing in distributed computer systems and ant colony foraging.

---

### Closing Summary: The Ant Colony as a Distributed Load Balancer

If we step back and look at the themes running through our discussion—reliable connection establishment, congestion control, self-balancing trees, and distributed consensus—a powerful metaphor emerges. All of these systems are solutions to the same fundamental problem: **how to efficiently allocate limited resources across a distributed network of agents, where no single agent has complete knowledge of the whole system.**

Perhaps the most elegant natural example of this is an ant colony allocating its foraging effort. The parallels to a distributed computer system's load balancer are striking.

#### The System Architecture

- **The Load Balancer** is the collective intelligence of the colony, not a single ant. There is no "queen" directing traffic. The algorithm is emergent.
- **The Worker Ants** are the individual servers or processing nodes. Each ant is a simple, unreliable agent that can fail or get lost.
- **The Food Sources** are the incoming client requests or tasks. Some sources are rich (a heavy computational job), some are poor (a lightweight ping), and they appear and disappear dynamically.
- **The Network Paths** are the trails between the nest and the food. They have variable latency (terrain, obstacles) and limited bandwidth (trail capacity).

#### How the "Algorithm" Works: Stigmergy

Ants solve the load balancing problem using a mechanism called **stigmergy**—indirect coordination through the environment. When an ant finds a food source, it returns to the nest, laying down a **pheromone trail**. Other ants follow
ds4: prefill: 0.73 t/s, generation: 4.48 t/s
